Connecting to aws-1-ap-southeast-1.pooler.supabase.com:5432/postgres...
Ensuring schema...
Schema OK
Reading data/full_fetch_20260429_072555.jsonl...
Loaded 6050 komik entries
  [200/6050] batch 1: +200 komik | 1e+03 k/min | ETA:0.1m | new=0 upd=200 fail=0
  [ERR] batch 2: ON CONFLICT DO UPDATE command cannot affect row a second time
HINT:  Ensure that no rows proposed for insertion within the same command have duplicate constrained values.

  [ERR] batch 3: ON CONFLICT DO UPDATE command cannot affect row a second time
HINT:  Ensure that no rows proposed for insertion within the same command have duplicate constrained values.

  [ERR] batch 4: ON CONFLICT DO UPDATE command cannot affect row a second time
HINT:  Ensure that no rows proposed for insertion within the same command have duplicate constrained values.

  [ERR] batch 5: ON CONFLICT DO UPDATE command cannot affect row a second time
HINT:  Ensure that no rows proposed for insertion within the same command have duplicate constrained values.

  [ERR] batch 6: ON CONFLICT DO UPDATE command cannot affect row a second time
HINT:  Ensure that no rows proposed for insertion within the same command have duplicate constrained values.

  [ERR] batch 7: ON CONFLICT DO UPDATE command cannot affect row a second time
HINT:  Ensure that no rows proposed for insertion within the same command have duplicate constrained values.

  [ERR] batch 8: ON CONFLICT DO UPDATE command cannot affect row a second time
HINT:  Ensure that no rows proposed for insertion within the same command have duplicate constrained values.

  [ERR] batch 9: ON CONFLICT DO UPDATE command cannot affect row a second time
HINT:  Ensure that no rows proposed for insertion within the same command have duplicate constrained values.

  [ERR] batch 10: ON CONFLICT DO UPDATE command cannot affect row a second time
HINT:  Ensure that no rows proposed for insertion within the same command have duplicate constrained values.

  [ERR] batch 11: ON CONFLICT DO UPDATE command cannot affect row a second time
HINT:  Ensure that no rows proposed for insertion within the same command have duplicate constrained values.

  [2400/6050] batch 12: +200 komik | 1e+03 k/min | ETA:0.0m | new=1900 upd=500 fail=2000
